200 173469 https://binwahaf.com/ar/book/854/
sha256 binwahaf_book_854.html db2d44928eb91ee0d4dd826e5f3a8aabb56e69dd610bb40a4f46f3ad29470bb9
200 196407 https://binwahaf.com/ar/audio-book-series/897/
sha256 binwahaf_audio_series_897.html e9b2c6f73ac57ac09e4b5a00b04933265f6c2535424d0b78221a743a55077c8f
200 1922580 https://cdn.binwahaf.com/uploads/2025/12/%D8%AD%D8%B5%D9%86-%D8%A7%D9%84%D9%85%D8%B3%D9%84%D9%85-%D9%85%D9%86-%D8%A3%D8%B0%D9%83%D8%A7%D8%A1-%D8%A7%D9%84%D9%83%D8%AA%D8%A7%D8%A8-%D9%88%D8%A7%D9%84%D8%B3%D9%86%D8%A9.pdf
sha256 author.pdf 50d539829d29a66215e4bd048aec982cd9a7ab87fcd87f6410765c69f829cbb9
shamela 1 200 47715
shamela 2 200 48250
shamela 3 200 48268
shamela 4 200 48118
shamela 5 200 48489
shamela 6 200 48177
shamela 7 200 48407
shamela 8 200 48402
shamela 9 200 48216
shamela 10 200 48476
shamela 11 200 48523
shamela 12 200 48522
shamela 13 200 48317
shamela 14 200 48296
shamela 15 200 48389
shamela 16 200 49006
shamela 17 200 48765
shamela 18 200 48985
shamela 19 200 49029
shamela 20 200 49036
shamela 21 200 48131
shamela 22 200 49113
shamela 23 200 49510
shamela 24 200 48363
shamela 25 200 48813
shamela 26 200 49079
shamela 27 200 48044
shamela 28 200 48260
shamela 29 200 48988
shamela 30 200 48176
shamela 31 200 48890
shamela 32 200 48856
shamela 33 200 48878
shamela 34 200 48908
shamela 35 200 48586
shamela 36 200 48932
shamela 37 200 48539
shamela 38 200 48501
shamela 39 200 48499
shamela 40 200 48671
shamela 41 200 48577
shamela 42 200 48833
shamela 43 200 48283
shamela 44 200 48701
shamela 45 200 49248
shamela 46 200 48563
shamela 47 200 48427
shamela 48 200 48149
shamela 49 200 48927
shamela 50 200 48427
shamela 51 200 48418
shamela 52 200 48259
shamela 53 200 48811
shamela 54 200 48577
shamela 55 200 48212
shamela 56 200 48243
shamela 57 200 48435
shamela 58 200 48737
shamela 59 200 48600
shamela 60 200 48863
shamela 61 200 48331
shamela 62 200 49360
shamela 63 200 48371
shamela 64 200 48967
shamela 65 200 49094
shamela 66 200 48707
shamela 67 200 48842
shamela 68 200 48457
shamela 69 200 48622
shamela 70 200 48210
shamela 71 200 48639
shamela 72 200 48614
shamela 73 200 48474
shamela 74 200 48320
shamela 75 200 48545
shamela 76 200 48613
shamela 77 200 48951
shamela 78 200 48798
shamela 79 200 49022
shamela 80 200 48880
shamela 81 200 47990
shamela 82 200 48876
shamela 83 200 49095
shamela 84 200 48777
shamela 85 200 48420
shamela 86 200 48627
shamela 87 200 48993
shamela 88 200 48992
shamela 89 200 48726
shamela 90 200 49203
shamela 91 200 49509
shamela 92 200 49173
shamela 93 200 48190
shamela 94 200 48908
shamela 95 200 48610
shamela 96 200 48767
shamela 97 200 48398
shamela 98 200 48724
shamela 99 200 48890
shamela 100 200 48617
shamela 101 200 48793
shamela 102 200 48987
shamela 103 200 48276
shamela 104 200 48726
shamela 105 200 48902
shamela 106 200 48574
shamela 107 200 48896
shamela 108 200 48956
shamela 109 200 48675
shamela 110 200 48862
shamela 111 200 48637
shamela 112 200 48995
shamela 113 200 48684
shamela 114 200 48967
shamela 115 200 49365
shamela 116 200 48921
shamela 117 200 49110
shamela 118 200 48895
shamela 119 200 48926
shamela 120 200 48447
shamela 121 200 48470
shamela 122 200 48361
shamela 123 200 48773
shamela 124 200 48828
shamela 125 200 48675
shamela 126 200 48734
shamela 127 200 48961
shamela 128 200 49051
shamela 129 200 48882
shamela 130 200 48996
shamela 131 200 49016
shamela 132 200 48901
shamela 133 200 48977
shamela 134 200 49174
shamela 135 200 48326
shamela 136 200 48760
shamela 137 200 48644
shamela 138 200 49200
shamela 139 200 48874
shamela 140 200 48834
shamela 141 200 48522
shamela 142 200 48939
shamela 143 200 48299
shamela 144 200 49185
shamela 145 200 48754
shamela 146 200 48582
shamela 147 200 48928
shamela 148 200 48481
shamela 149 200 48971
shamela 150 200 49031
shamela 151 200 48446
shamela 152 404 0
shamela 153 404 0
shamela 154 404 0
